# 第05章-垃圾收集器和内存分配

## 5.1 串行回收器
串行回收器只有一个工作线程，适合并行能力较弱的计算机，根据不同的堆空间分为新生代串行回收器和老年代串行回收器。

### 5.1.1 新生代串行回收器
两个特点：
1. 仅仅使用单线程进行垃圾回收。
2. 独占式的垃圾回收方式。

新生代串行回收器使用复制算法，实现相对简单、逻辑处理特别高效且没有线程切换的开销。在单CPU处理器等硬件平台不是特别优越的情况下，它的性能表现可以超越并行回收器和并发回收器。  
在垃圾回收时，应用程序中的所有线程都需要暂停工作，会产生STW现象。

### 5.1.2 老年代串行回收器
老年代串行回收器使用的是标记压缩法。  
也是一个串行、独占式的垃圾回收器。  
老年代垃圾回收通常需要更长的时间，在堆空间较大的应用程序中，一旦老年代串行回收器启动，应用程序很可能因此停顿较长的时间。

## 5.2 并行回收器
并行回收器使用多个线程同时进行垃圾回收，对于计算能力强的计算机，可以有效减少垃圾回收所需的时间。

### 5.2.1 新生代ParNew回收器
该回收器是简单的将串行回收器多线程化，回收策略、算法及参数和新生代串行回收器一样。适用于并发能力比较强的计算机。
该回收器也是独占式的垃圾回收器，在回收过程中应用程序会全部暂停。

### 5.2.2 新生代ParallelGC回收器
该回收器也是使用复制算法的回收器，也是多线程、独占式的回收器。  
它有一个重要特点：非常关注系统的吞吐量。

俩个控制系统吞吐量的参数:
1. -XX:MaxGCPauseMillis: 设置最大垃圾回收停顿时间。  
   垃圾回收器在工作时，会调整堆大小或者其它参数，尽可能把停顿时间控制在MaxGCPauseMillis以内。
2. -XX:GCTimeRatio: 设置吞吐量大小，值是0-100之间的整数。  
   假设GCTimeRatio的值是n，那么系统将花费不超过1/(1+n)的时间进行垃圾回收。
   默认情况下它的取值是99，即有不超过1/(1+99)=1%的时间用于垃圾回收。
3. -XX:+UseAdaptiveSizePolicy: 打开自适应GC策略。  
   在这种模式下，新生代的大小、eden区和survivor区的比例、晋升老年代的对象年龄等参数会被自动调整，以达到在堆大小，吞吐量和停顿时间之间的平衡。  
   在手工调优比较困难的场合，可以直接使用这种自适应的方式，仅指定虚拟机的最大堆、目标吞吐量（GCTimeRatio）和停顿时间（MaxGCPauseMillis），让虚拟机自己完成调优工作。

注意:  
-XX:MaxGCPauseMillis和-XX:GCTimeRatio是相互矛盾的，通常如果减少一次收集的最大停顿时间，就会同时减少系统吞吐量，增加系统吞吐量又可能会同时增加一次垃圾回收的最大停顿时间。

### 5.2.3 老年代ParallelOldGC回收器
该回收器使用标记压缩法，也是一种多线程并发的回收期。  
它也是一种关注系统吞吐量的回收器，并且和新生代ParallelGC回收器搭配使用。  
这是一对非常关注吞吐量的垃圾回收器，在对吞吐量敏感的系统中，可以考虑使用。  
参数-XX:ParallelGCThreads也可以用于设置垃圾回收时的线程数量。  

备注：  
JDK7u4后server模式下的默认回收器组合。

## 5.3 CMS回收器
CMS主要关注系统停顿时间。  
CMS是ConcurrentMarkSweep的缩写，意为并发标记清除，使用标记清除法，同时也是一个使用多线程并行回收的垃圾回收器。

CMS工作时的主要步骤是: 
1. 初始标记(STW): 标记根对象
2. 并发标记: 标记所有对象
3. 预清理: 清理前准备及控制停顿时间
4. 重新标记(STW): 修正并发标记数据
5. 并发清除: 清理垃圾
6. 并发重置: 重新初始化CMS数据结构和数据，为下一次垃圾回收做好准备

其中初始标记和重新标记是独占系统资源的，而并发标记、预清理、并发清除和并发重置是可以和用户线程一起执行的。  
从整体上说，CMS不是独占式的，它可以在应用程序运行过程中进行垃圾回收。

## 5.4 G1回收器
G1回收器是在jdk7中正式使用的全新的垃圾回收器，为了取代CMS回收器。  
从分代上看，G1依然属于分代垃圾回收器，它会区分年轻代和老年代，依然有eden区和survivor区。  

从堆结构上看，它并不要求整个eden区、年轻代或者老年代都连续。  
它使用了分区算法，特点如下：  
1. 并行性：G1在回收期间，可以由多个GC线程同时工作，有效利用多核计算能力。
2. 并发性：G1拥有与应用程序交替执行的能力，部分工作可以和应用程序同时执行，一般来说，不会在整个回收期间完全阻塞应用程序。
3. 分代GC：和之前的回收器不同，它同时兼顾新生代和老年代，其他回收器或者工作在新生代或者工作在老年代。
4. 空间整理：G1在回收过程中，会进行适当的对象移动，减少碎片空间。
5. 可预见性：由于分区的原因，G1可以只选取部分区域进行内存回收，缩小了回收范围，全局停顿也能得到较好的控制。

G1将堆进行分区，划分为一个个区域，每次回收的时候，只回收其中几个区域，以控制每次回收产生的一次停顿时间。  
回收过程可能有4个阶段:
1. 新生代GC  
2. 并发标记周期  
3. 混合回收
4. 如果需要可能进行Full GC

## 5.5 对象内存分配和回收的细节问题

### 5.5.1 禁用System.gc()
虚拟机提供了一个参数来控制是否可以手动触发GC，禁用System.gc()，相当于一个空函数调用。

    -XX:+DisableExplicitGC

### 5.5.2 System.gc()使用并发回收
默认情况下System.gc()使用传统Full GC方式回收整个堆，忽略指定的垃圾回收器。打开如下开关System.gc()调用才会使用并发的方式进行回收。

    -XX:+ExplicitGCInvokesConcurrent

### 5.5.3 并行GC前额外触发的新生代GC
在使用并行回收器(ParallelOldGC)时，触发Full GC前都会进行一次新生代GC，这样做的目的是避免将所有工作同时交给一次Full GC进行，从而尽量缩短一次停顿时间。如果不需要可以使用如下参数关闭: 

    -XX:-ScavengeBeforeFullGC

### 5.5.4 对象何时进入老年代

1. 初创的对象在eden区  
   在堆中分配的对象首先会被安置到eden区。如果没有GC的介入，这些对象不会离开eden区。
2. 老年对象进入老年代  
   对象达到一定年龄后就会自然离开新生代进入老年代，一般把这种事件称为晋升。  
   对象的年龄由对象经历过的GC次数决定。在新生代中的对象每经历一次GC，如果它还没有被回收，它的年龄就加1。  
   虚拟机提供了一个参数用来控制新生代对象的最大年龄：MaxTenuringThreshold。  
   在默认情况下，参数值为15。也就是说，新生代对象最多经历15次GC，就可以晋升到老年代。  
   这个最大年龄是晋升的充分非必要条件，即：达到最大年龄会晋升，晋升不一定达到最大年龄。  
   对象的实际晋升年龄是根据survivor区的使用情况动态计算得到的。  
   确定对象何时晋升的另外一个参数是TargetSurvivorRatio，它用于设置survivor区的目标使用率，默认是50，即如果survivor区在GC后使用率超过50%，那么很可能会使用较少的age作为实际的晋升年龄。
3. 大对象进入老年代  
   如果对象体积很大，新生代无论eden区还是survivor区都无法容纳这个对象，也非常有可能被直接晋升到老年代。  
   参数PretenureSizeThreshold：用来设置对象直接晋升到老年代的阈值，单位字节。  
   只要对象的大小大于指定值，就会绕过新生代，直接在老年代分配。  
   这个参数只对串行回收器和ParNew有效，对于ParallelGC无效。  
   默认值为0，也就是不指定，一切由运行情况决定。

### 5.5.5 在TLAB上分配
TLAB是一个线程专用的内存分配区域，主要为了避免堆上分配的多线程冲突，来提高对象分配的效率。  
TLAB本身占用了eden区域。在TLAB启用的情况下，虚拟机会为每一个java线程分配一块TLAB区域。  

虚拟机开启TLAB参数：

    -XX:+UseTLAB 打开/关闭TLAB（默认开启）

由于TLAB区域一般不会太大，因此大对象无法在TLAB上分配，总是会直接分配在堆上。

对象分配的简要流程:
1. 如果开启了栈上分配，系统会优先进行栈上分配。
2. 没有开启栈上分配或不满足则会进行TLAB分配。
3. 如果TLAB分配不成功，再尝试在堆上分配。
4. 如果满足了老年代的条件，就在老年代分配。
5. 否则就在eden区分配，当然，如果必要有可能进行一次新生代GC。

### 5.5.6 finalize()函数对垃圾回收的影响
Java的Object对象中声明的finalize()函数，允许在子类中被重栽，用于在对象被回收时进行资源释放。  
目前共识是尽量不要在finalize()函数进行资源释放，原因如下：
1. finalize()函数可能会导致对象复活。
2. finalize()函数的执行时间没有保障，完全由GC线程决定，在极端情况下，若不发生GC，finalize()函数将没有机会执行。
3. 一个糟糕的finalize()函数会严重影响GC的性能。

finalize()函数由FinalizerThread线程处理。  
每一个即将被回收且包含finalize()函数的对象都会在正式回收前加入ReferenceQueue引用队列，内部实现为链表结构，队列中每一项都为Finalizer引用，本质为一个引用，内部封装了实际的回收对象，referent字段指向实际的对象引用。

由于对象在回收前被Finalizer的referent字段进行强引用，并加入FinalzerThread的执行队列，这意味着对象又变为可达对象，因此阻止了对象的正常回收。由于在引用队列中的元素排队执行finalize()函数，一旦出现性能问题，将导致这些垃圾对象长时间堆积在内存中，可能出现OOM。

## 5.6 常用GC参数

指定垃圾回收器:

1. 新生代: Serial 老年代: Serial Old
   
        java -XX:+UseSerialGC -XX:+PrintGCDetails -XX:+PrintCommandLineFlags -version
        -XX:InitialHeapSize=268435456 -XX:MaxHeapSize=4294967296 -XX:+PrintCommandLineFlags -XX:+PrintGCDetails -XX:+UseCompressedClassPointers -XX:+UseCompressedOops -XX:+UseSerialGC
        java version "1.8.0_201"
        Java(TM) SE Runtime Environment (build 1.8.0_201-b09)
        Java HotSpot(TM) 64-Bit Server VM (build 25.201-b09, mixed mode)
        Heap
        def new generation   total 78656K, used 4197K [0x00000006c0000000, 0x00000006c5550000, 0x0000000715550000)
        eden space 69952K,   6% used [0x00000006c0000000, 0x00000006c0419618, 0x00000006c4450000)
        from space 8704K,   0% used [0x00000006c4450000, 0x00000006c4450000, 0x00000006c4cd0000)
        to   space 8704K,   0% used [0x00000006c4cd0000, 0x00000006c4cd0000, 0x00000006c5550000)
        tenured generation   total 174784K, used 0K [0x0000000715550000, 0x0000000720000000, 0x00000007c0000000)
        the space 174784K,   0% used [0x0000000715550000, 0x0000000715550000, 0x0000000715550200, 0x0000000720000000)
        Metaspace       used 2243K, capacity 4480K, committed 4480K, reserved 1056768K
        class space    used 243K, capacity 384K, committed 384K, reserved 1048576K

2. 新生代: ParNew 老年代: Serial Old

        java -XX:+UseParNewGC -XX:+PrintGCDetails -XX:+PrintCommandLineFlags -version
        Java HotSpot(TM) 64-Bit Server VM warning: Using the ParNew young collector with the Serial old collector is deprecated and will likely be removed in a future release
        -XX:InitialHeapSize=268435456 -XX:MaxHeapSize=4294967296 -XX:+PrintCommandLineFlags -XX:+PrintGCDetails -XX:+UseCompressedClassPointers -XX:+UseCompressedOops -XX:+UseParNewGC
        java version "1.8.0_201"
        Java(TM) SE Runtime Environment (build 1.8.0_201-b09)
        Java HotSpot(TM) 64-Bit Server VM (build 25.201-b09, mixed mode)
        Heap
        par new generation   total 78656K, used 4197K [0x00000006c0000000, 0x00000006c5550000, 0x0000000715550000)
        eden space 69952K,   6% used [0x00000006c0000000, 0x00000006c0419618, 0x00000006c4450000)
        from space 8704K,   0% used [0x00000006c4450000, 0x00000006c4450000, 0x00000006c4cd0000)
        to   space 8704K,   0% used [0x00000006c4cd0000, 0x00000006c4cd0000, 0x00000006c5550000)
        tenured generation   total 174784K, used 0K [0x0000000715550000, 0x0000000720000000, 0x00000007c0000000)
        the space 174784K,   0% used [0x0000000715550000, 0x0000000715550000, 0x0000000715550200, 0x0000000720000000)
        Metaspace       used 2243K, capacity 4480K, committed 4480K, reserved 1056768K
        class space    used 243K, capacity 384K, committed 384K, reserved 1048576K

3. 新生代: ParNew 老年代: CMS

        java -XX:+UseConcMarkSweepGC -XX:+PrintGCDetails -XX:+PrintCommandLineFlags -version
        -XX:InitialHeapSize=268435456 -XX:MaxHeapSize=4294967296 -XX:MaxNewSize=697933824 -XX:MaxTenuringThreshold=6 -XX:OldPLABSize=16 -XX:+PrintCommandLineFlags -XX:+PrintGCDetails -XX:+UseCompressedClassPointers -XX:+UseCompressedOops -XX:+UseConcMarkSweepGC -XX:+UseParNewGC
        java version "1.8.0_201"
        Java(TM) SE Runtime Environment (build 1.8.0_201-b09)
        Java HotSpot(TM) 64-Bit Server VM (build 25.201-b09, mixed mode)
        Heap
        par new generation   total 78656K, used 4197K [0x00000006c0000000, 0x00000006c5550000, 0x00000006e9990000)
        eden space 69952K,   6% used [0x00000006c0000000, 0x00000006c0419618, 0x00000006c4450000)
        from space 8704K,   0% used [0x00000006c4450000, 0x00000006c4450000, 0x00000006c4cd0000)
        to   space 8704K,   0% used [0x00000006c4cd0000, 0x00000006c4cd0000, 0x00000006c5550000)
        concurrent mark-sweep generation total 174784K, used 0K [0x00000006e9990000, 0x00000006f4440000, 0x00000007c0000000)
        Metaspace       used 2243K, capacity 4480K, committed 4480K, reserved 1056768K
        class space    used 243K, capacity 384K, committed 384K, reserved 1048576K

4. 新生代: Parallel 老年代: Parallel Old

        java -XX:+UseParallelGC -XX:+PrintGCDetails -XX:+PrintCommandLineFlags -version
        -XX:InitialHeapSize=268435456 -XX:MaxHeapSize=4294967296 -XX:+PrintCommandLineFlags -XX:+PrintGCDetails -XX:+UseCompressedClassPointers -XX:+UseCompressedOops -XX:+UseParallelGC
        java version "1.8.0_201"
        Java(TM) SE Runtime Environment (build 1.8.0_201-b09)
        Java HotSpot(TM) 64-Bit Server VM (build 25.201-b09, mixed mode)
        Heap
        PSYoungGen      total 76288K, used 3932K [0x000000076ab00000, 0x0000000770000000, 0x00000007c0000000)
        eden space 65536K, 6% used [0x000000076ab00000,0x000000076aed7240,0x000000076eb00000)
        from space 10752K, 0% used [0x000000076f580000,0x000000076f580000,0x0000000770000000)
        to   space 10752K, 0% used [0x000000076eb00000,0x000000076eb00000,0x000000076f580000)
        ParOldGen       total 175104K, used 0K [0x00000006c0000000, 0x00000006cab00000, 0x000000076ab00000)
        object space 175104K, 0% used [0x00000006c0000000,0x00000006c0000000,0x00000006cab00000)
        Metaspace       used 2243K, capacity 4480K, committed 4480K, reserved 1056768K
        class space    used 243K, capacity 384K, committed 384K, reserved 1048576K

5. 新生代: Parallel 老年代: Parallel Old

        java -XX:+UseParallelOldGC -XX:+PrintGCDetails -XX:+PrintCommandLineFlags -version
        -XX:InitialHeapSize=268435456 -XX:MaxHeapSize=4294967296 -XX:+PrintCommandLineFlags -XX:+PrintGCDetails -XX:+UseCompressedClassPointers -XX:+UseCompressedOops -XX:+UseParallelOldGC
        java version "1.8.0_201"
        Java(TM) SE Runtime Environment (build 1.8.0_201-b09)
        Java HotSpot(TM) 64-Bit Server VM (build 25.201-b09, mixed mode)
        Heap
        PSYoungGen      total 76288K, used 3932K [0x000000076ab00000, 0x0000000770000000, 0x00000007c0000000)
        eden space 65536K, 6% used [0x000000076ab00000,0x000000076aed7240,0x000000076eb00000)
        from space 10752K, 0% used [0x000000076f580000,0x000000076f580000,0x0000000770000000)
        to   space 10752K, 0% used [0x000000076eb00000,0x000000076eb00000,0x000000076f580000)
        ParOldGen       total 175104K, used 0K [0x00000006c0000000, 0x00000006cab00000, 0x000000076ab00000)
        object space 175104K, 0% used [0x00000006c0000000,0x00000006c0000000,0x00000006cab00000)
        Metaspace       used 2243K, capacity 4480K, committed 4480K, reserved 1056768K
        class space    used 243K, capacity 384K, committed 384K, reserved 1048576K

6. 使用G1回收器(新生代、老年代)

        java -XX:+UseG1GC -XX:+PrintGCDetails -XX:+PrintCommandLineFlags -version
        -XX:InitialHeapSize=268435456 -XX:MaxHeapSize=4294967296 -XX:+PrintCommandLineFlags -XX:+PrintGCDetails -XX:+UseCompressedClassPointers -XX:+UseCompressedOops -XX:+UseG1GC
        java version "1.8.0_201"
        Java(TM) SE Runtime Environment (build 1.8.0_201-b09)
        Java HotSpot(TM) 64-Bit Server VM (build 25.201-b09, mixed mode)
        Heap
        garbage-first heap   total 262144K, used 0K [0x00000006c0000000, 0x00000006c0100800, 0x00000007c0000000)
        region size 1024K, 1 young (1024K), 0 survivors (0K)
        Metaspace       used 2242K, capacity 4480K, committed 4480K, reserved 1056768K
        class space    used 243K, capacity 384K, committed 384K, reserved 1048576K



## 5.7 Tomcat调优

## 完