# 触发器简介

触发器是由事件来触发某个操作。  
这些事件包括insert, update, delete。

# 创建触发器

* 创建只有一个执行语句的触发器

        create trigger 触发器名 
        before|after 触发事件
        on 表名 for each row 
        执行语句

        before|after 指示在触发事件前还是后执行。
        触发事件 包括insert, update, delete。
        表名 触发事件操作的表。
        for each row 指任何一条记录上的操作满足触发事件都会触发该触发器。
        执行语句 触发器被触发后执行的语句。

        // 创建插入触发器
        mysql> create trigger department_trigger
            -> after insert
            -> on department for each row
            -> insert into department_log (dept_opt, dept_opt_time) values ('insert', now());
        Query OK, 0 rows affected (0.01 sec)

        mysql> select * from department_log;
        Empty set (0.00 sec)

        mysql> insert into department (num, name, create_time) values ('110', '财务部', now());
        Query OK, 1 row affected (0.00 sec)

        mysql> select * from department_log;
        +----+----------+---------------------+
        | id | dept_opt | dept_opt_time       |
        +----+----------+---------------------+
        |  1 | insert   | 2017-11-22 10:30:40 |
        +----+----------+---------------------+
        1 row in set (0.00 sec)

        // 创建更新触发器
        mysql> create trigger department_trigger_update
            -> after update
            -> on department for each row
            -> insert into department_log (dept_opt, dept_opt_time) values ('update', now());
        Query OK, 0 rows affected (0.01 sec)

        mysql> select * from department_log;
        +----+----------+---------------------+
        | id | dept_opt | dept_opt_time       |
        +----+----------+---------------------+
        |  1 | insert   | 2017-11-22 10:30:40 |
        +----+----------+---------------------+
        1 row in set (0.00 sec)

        mysql> update department set name = '人力资源部' where num = '110';
        Query OK, 1 row affected (0.01 sec)
        Rows matched: 1  Changed: 1  Warnings: 0

        mysql> select * from department_log;
        +----+----------+---------------------+
        | id | dept_opt | dept_opt_time       |
        +----+----------+---------------------+
        |  1 | insert   | 2017-11-22 10:30:40 |
        |  2 | update   | 2017-11-22 10:36:35 |
        +----+----------+---------------------+
        2 rows in set (0.00 sec)

        // 创建删除触发器
        mysql> create trigger department_trigger_delete
            -> after delete
            -> on department for each row
            -> insert into department_log (dept_opt, dept_opt_time) values ('delete', now());
        Query OK, 0 rows affected (0.01 sec)

        mysql> select * from department_log;
        +----+----------+---------------------+
        | id | dept_opt | dept_opt_time       |
        +----+----------+---------------------+
        |  1 | insert   | 2017-11-22 10:30:40 |
        |  2 | update   | 2017-11-22 10:36:35 |
        +----+----------+---------------------+
        2 rows in set (0.00 sec)

        mysql> delete from department;
        Query OK, 3 rows affected (0.00 sec)

        // 删除了3条记录，触发了3次
        mysql> select * from department_log;
        +----+----------+---------------------+
        | id | dept_opt | dept_opt_time       |
        +----+----------+---------------------+
        |  1 | insert   | 2017-11-22 10:30:40 |
        |  2 | update   | 2017-11-22 10:36:35 |
        |  3 | delete   | 2017-11-22 10:39:03 |
        |  4 | delete   | 2017-11-22 10:39:03 |
        |  5 | delete   | 2017-11-22 10:39:03 |
        +----+----------+---------------------+
        5 rows in set (0.00 sec)

* 创建有多个执行语句的触发器

        create trigger 触发器名 
        before|after 触发事件
        on 表名 for each row
        begin
            执行语句列表
        end

        执行语句列表表示要执行的多个执行语句，用分号隔开。
        一般情况下MySQL默认以分号作为结束语句，创建触发器需要用到分号。
        为此，可以用delimiter语句修改结束符号，触发器创建完成后，在改回分号。

        // 创建多个执行语句的触发器
        mysql> delimiter &&
        mysql> create trigger department_trigger_mul
            -> before insert
            -> on department for each row
            -> begin
            ->     insert into department_log (dept_opt, dept_opt_time) values ('before insert 1', now());
            ->     insert into department_log (dept_opt, dept_opt_time) values ('before insert 2', now());
            ->     insert into department_log (dept_opt, dept_opt_time) values ('before insert 3', now());
            -> end
            -> &&
        Query OK, 0 rows affected (0.01 sec)

        mysql> delimiter ;
        mysql> select * from department_log;
        +----+----------+---------------------+
        | id | dept_opt | dept_opt_time       |
        +----+----------+---------------------+
        |  1 | insert   | 2017-11-22 10:30:40 |
        |  2 | update   | 2017-11-22 10:36:35 |
        |  3 | delete   | 2017-11-22 10:39:03 |
        |  4 | delete   | 2017-11-22 10:39:03 |
        |  5 | delete   | 2017-11-22 10:39:03 |
        +----+----------+---------------------+
        5 rows in set (0.00 sec)

        mysql> insert into department (num, name, create_time) values ('110', '财务部', now());
        Query OK, 1 row affected (0.00 sec)

        mysql> select * from department_log;
        +----+-----------------+---------------------+
        | id | dept_opt        | dept_opt_time       |
        +----+-----------------+---------------------+
        |  1 | insert          | 2017-11-22 10:30:40 |
        |  2 | update          | 2017-11-22 10:36:35 |
        |  3 | delete          | 2017-11-22 10:39:03 |
        |  4 | delete          | 2017-11-22 10:39:03 |
        |  5 | delete          | 2017-11-22 10:39:03 |
        |  6 | before insert 1 | 2017-11-22 10:47:09 |
        |  7 | before insert 2 | 2017-11-22 10:47:09 |
        |  8 | before insert 3 | 2017-11-22 10:47:09 |
        |  9 | insert          | 2017-11-22 10:47:09 |
        +----+-----------------+---------------------+
        9 rows in set (0.00 sec)

# 查看触发器

* show triggers 查看触发器

    不能单独显示某个触发器，只能显示全部触发器

        // show triggers 查看触发器
        mysql> show triggers \G
        *************************** 1. row ***************************
                    Trigger: department_trigger_mul
                    Event: INSERT
                    Table: department
                Statement: begin
            insert into department_log (dept_opt, dept_opt_time) values ('before insert 1', now());
            insert into department_log (dept_opt, dept_opt_time) values ('before insert 2', now());
            insert into department_log (dept_opt, dept_opt_time) values ('before insert 3', now());
        end
                    Timing: BEFORE
                    Created: 2017-11-22 10:44:21.81
                    sql_mode: STRICT_TRANS_TABLES,NO_ENGINE_SUBSTITUTION
                    Definer: root@localhost
        character_set_client: utf8
        collation_connection: utf8_general_ci
        Database Collation: utf8_general_ci
        *************************** 2. row ***************************
                    Trigger: department_trigger
                    Event: INSERT
                    Table: department
                Statement: insert into department_log (dept_opt, dept_opt_time) values ('insert', now())
                    Timing: AFTER
                    Created: 2017-11-22 10:28:48.85
                    sql_mode: STRICT_TRANS_TABLES,NO_ENGINE_SUBSTITUTION
                    Definer: root@localhost
        character_set_client: utf8
        collation_connection: utf8_general_ci
        Database Collation: utf8_general_ci
        *************************** 3. row ***************************
                    Trigger: department_trigger_update
                    Event: UPDATE
                    Table: department
                Statement: insert into department_log (dept_opt, dept_opt_time) values ('update', now())
                    Timing: AFTER
                    Created: 2017-11-22 10:34:54.71
                    sql_mode: STRICT_TRANS_TABLES,NO_ENGINE_SUBSTITUTION
                    Definer: root@localhost
        character_set_client: utf8
        collation_connection: utf8_general_ci
        Database Collation: utf8_general_ci
        *************************** 4. row ***************************
                    Trigger: department_trigger_delete
                    Event: DELETE
                    Table: department
                Statement: insert into department_log (dept_opt, dept_opt_time) values ('delete', now())
                    Timing: AFTER
                    Created: 2017-11-22 10:38:15.04
                    sql_mode: STRICT_TRANS_TABLES,NO_ENGINE_SUBSTITUTION
                    Definer: root@localhost
        character_set_client: utf8
        collation_connection: utf8_general_ci
        Database Collation: utf8_general_ci
        4 rows in set (0.00 sec)

* information_schema.triggers 表查看触发器

        // information_schema.triggers 表查看触发器
        mysql> select * from information_schema.triggers where trigger_name = 'department_trigger_mul' \G
        *************************** 1. row ***************************
                TRIGGER_CATALOG: def
                    TRIGGER_SCHEMA: tempdb
                    TRIGGER_NAME: department_trigger_mul
                EVENT_MANIPULATION: INSERT
            EVENT_OBJECT_CATALOG: def
            EVENT_OBJECT_SCHEMA: tempdb
                EVENT_OBJECT_TABLE: department
                    ACTION_ORDER: 1
                ACTION_CONDITION: NULL
                ACTION_STATEMENT: begin
            insert into department_log (dept_opt, dept_opt_time) values ('before insert 1', now());
            insert into department_log (dept_opt, dept_opt_time) values ('before insert 2', now());
            insert into department_log (dept_opt, dept_opt_time) values ('before insert 3', now());
        end
                ACTION_ORIENTATION: ROW
                    ACTION_TIMING: BEFORE
        ACTION_REFERENCE_OLD_TABLE: NULL
        ACTION_REFERENCE_NEW_TABLE: NULL
        ACTION_REFERENCE_OLD_ROW: OLD
        ACTION_REFERENCE_NEW_ROW: NEW
                        CREATED: 2017-11-22 10:44:21.81
                        SQL_MODE: STRICT_TRANS_TABLES,NO_ENGINE_SUBSTITUTION
                        DEFINER: root@localhost
            CHARACTER_SET_CLIENT: utf8
            COLLATION_CONNECTION: utf8_general_ci
                DATABASE_COLLATION: utf8_general_ci
        1 row in set (0.00 sec)

# 使用触发器

触发器的执行顺序是before触发器，表操作(insert, update, delete)，after触发器。  
触发器执行语句中不能包含start transaction， commit，rollback，call等语句。  
在触发器执行过程中，任何出错都会阻止程序继续执行，对于普通表来说，已经更新过的记录不能回滚。  
**注意5.7版本测试**  
before触发器，表操作，after触发器是作为一个整体执行的，任何一步出错都不会执行其他操作。

# 删除触发器

    // 语法
    drop trigger 触发器名
    
    如果只指定触发器名，就在当前数据库下删除触发器。
    如果指定数据库名，就在指定的数据库上删除触发器。

    // 删除当前数据库下的触发器
    mysql> drop trigger department_trigger_mul;
    Query OK, 0 rows affected (0.01 sec)

    mysql> select * from information_schema.triggers where trigger_name = 'department_trigger_mul' \G
    Empty set (0.01 sec)
    
    // 删除其他数据库下的触发器
    mysql> use testdb;
    Database changed
    mysql> drop trigger department_trigger_delete;
    ERROR 1360 (HY000): Trigger does not exist
    mysql> drop trigger tempdb.department_trigger_delete;
    Query OK, 0 rows affected (0.00 sec)

    mysql> select * from information_schema.triggers where trigger_name = 'department_trigger_delete' \G
    Empty set (0.01 sec)


# 完。
